---
source: tests/rusty.rs
expression: result
---
[E0412] Error: cannot find type `Lab` in this scope
   ╭─[src/lib.rs:10:29]
   │ 
   │     view: Option<SourceView<Lab>>,
   │ 
   │ => not found in this scope 218..221
───╯ 
Help: you might be missing a type parameter
   ╭─[src/lib.rs:10:29]
   │ 
   │     view: Option<SourceView<Lab>>,
   │ 
   │ => <empty label> 218..221
───╯ 
[E0425] Error: cannot find value `labels` in this scope
   ╭─[src/lib.rs:65:24]
   │ 
   │     labels: Vec<Label<Level>>,
   │ }
   │ 
   │ impl<Level> SourceView<Level> {
   │     pub fn new(source: &'static str) -> Self {
   │         Self { source, labels }
   │ 
   │ => a field by that name exists in `Self` 1386..1411
   │ => <empty label> 1518..1524
───╯ 
Error: could not compile `ariadne-next` (lib) due to 2 previous errors

